PARPACBench 
=========================================================
               ParPac Application Benchmark
                        Version 1.3

   BGK Lattice Boltzmann simulation of a viscous fluid
             streaming through a porous media

                Fraunhofer ITWM - Germany
=========================================================

Benchmark description:
----------------------
Simulation of the dynamical behaviour of a    # # # # #  
viscous fluid streaming through a regular    ----------->
porous media under the influence of a         # # # # #  
driving pressure gradient and calculation    ----------->
of the permeability of the porous media.      # # # # #  

System information:
-------------------
Date______: Tue Jul  7 15:54:52 2015
Machine___: x86_64
System____: Linux
Release___: 3.13.0-32-generic
Version___: #57-Ubuntu SMP Tue Jul 15 03:51:08 UTC 2014
Processors: 4

Fluid parameters:
-----------------
mass density___________________________: 1.260e+03 kg/m^3
kinematic viscosity____________________: 1.167e-03 m^2/s
pressure gradient______________________: 7.000e+06 Pa/m

Benchmark parameters:
---------------------
total no. of grid  points______________: 884736
total no. of fluid points______________: 780913
material porosity______________________: 8.827e-01
size of each load balance unit_________: 32768

Benchmark results:
------------------
calculated permeability of the material_: 2.058e-07 m^2

total simulation time___________________: 121.62 s
fluid grid point calculation rate_______: 3.210 millions/s
floating point operation rate___________: 1.917e+00 Gflops


End of benchmark
=========================================================

